Vec Object: 1 MPI process
  type: seq
0.
4.
8.
0.
0.
0.
12.
16.
20.
Vec Object: 1 MPI process
  type: seq
0.
4.
8.
0.
0.
0.
0.
0.
0.
