Vec Object: 1 MPI process
  type: seq
1.
2.
3.
4.
5.
