Vec Object: 1 MPI process
  type: seqviennacl
84.
84.
84.
84.
84.
