Components: 5 Iterations: 0
Vector Object: 1 MPI process
  type: seq
0
1
2
3
4
