Components: 2 Iterations: 2
Vector Object: 1 MPI process
  type: seq
1
1
4
4
4
