Components: 2 Iterations: 2
Vector Object: 1 MPI process
  type: seq
4
3
3
3
4
