Vec Object: 1 MPI process
  type: seq
1240. + 22. i
1734. + 33. i
Vec Object: 1 MPI process
  type: seq
2480. + 44. i
3468. + 66. i
