Mat Object: (prefix_) 1 MPI process
  type: seqdense
0.0000000000000000e+00 
Constants are likely null vector|| A * 1/N || = 0.
