Mat Object: 1 MPI process
  type: seqaij
row 0: (0, -1.) 
Mat Object: 1 MPI process
  type: seqaij
row 0: (0, -1.) 
