Vec Object: 1 MPI process
  type: seq
0.
0.
0.
0.
3.
0.
0.
0.
0.
0.
0.
0.
