DM Object: 1 MPI process
  type: stag
Dimension: 3
Global sizes: 2 x 3 x 3
Parallel decomposition: 1 x 1 x 1 ranks
Boundary ghosting: NONE NONE NONE
Elementwise ghost stencil: BOX, width 1
3 DOF per vertex (0D)
1 DOF per edge (1D)
1 DOF per face (2D)
1 DOF per element (3D)
[0] Rank coordinates (0,0,0)
[0] Local elements : 2 x 3 x 3 (3 x 4 x 4 with ghosts)
[0] Local native entries: 341
[0] Local entries total : 480
Test 1
IS Object: 1 MPI process
  type: general
Number of indices in set 18
0 9
1 19
2 35
3 45
4 61
5 71
6 103
7 113
8 129
9 139
10 155
11 165
12 197
13 207
14 223
15 233
16 249
17 259
Test 2
IS Object: 1 MPI process
  type: general
Number of indices in set 27
0 8
1 18
2 25
3 34
4 44
5 51
6 60
7 70
8 77
9 102
10 112
11 119
12 128
13 138
14 145
15 154
16 164
17 171
18 196
19 206
20 213
21 222
22 232
23 239
24 248
25 258
26 265
Test 3
IS Object: 1 MPI process
  type: general
Number of indices in set 51
0 7
1 8
2 17
3 18
4 25
5 33
6 34
7 43
8 44
9 51
10 59
11 60
12 69
13 70
14 77
15 83
16 89
17 101
18 102
19 111
20 112
21 119
22 127
23 128
24 137
25 138
26 145
27 153
28 154
29 163
30 164
31 171
32 177
33 183
34 195
35 196
36 205
37 206
38 213
39 221
40 222
41 231
42 232
43 239
44 247
45 248
46 257
47 258
48 265
49 271
50 277
Test 5
IS Object: 1 MPI process
  type: general
Number of indices in set 96
0 0
1 1
2 10
3 11
4 20
5 21
6 26
7 27
8 36
9 37
10 46
11 47
12 52
13 53
14 62
15 63
16 72
17 73
18 78
19 79
20 84
21 85
22 90
23 91
24 94
25 95
26 104
27 105
28 114
29 115
30 120
31 121
32 130
33 131
34 140
35 141
36 146
37 147
38 156
39 157
40 166
41 167
42 172
43 173
44 178
45 179
46 184
47 185
48 188
49 189
50 198
51 199
52 208
53 209
54 214
55 215
56 224
57 225
58 234
59 235
60 240
61 241
62 250
63 251
64 260
65 261
66 266
67 267
68 272
69 273
70 278
71 279
72 282
73 283
74 288
75 289
76 294
77 295
78 298
79 299
80 304
81 305
82 310
83 311
84 314
85 315
86 320
87 321
88 326
89 327
90 330
91 331
92 334
93 335
94 338
95 339
Test 6
IS Object: 1 MPI process
  type: general
Number of indices in set 126
0 0
1 4
2 7
3 9
4 10
5 14
6 17
7 19
8 20
9 23
10 26
11 30
12 33
13 35
14 36
15 40
16 43
17 45
18 46
19 49
20 52
21 56
22 59
23 61
24 62
25 66
26 69
27 71
28 72
29 75
30 78
31 83
32 84
33 89
34 90
35 94
36 98
37 101
38 103
39 104
40 108
41 111
42 113
43 114
44 117
45 120
46 124
47 127
48 129
49 130
50 134
51 137
52 139
53 140
54 143
55 146
56 150
57 153
58 155
59 156
60 160
61 163
62 165
63 166
64 169
65 172
66 177
67 178
68 183
69 184
70 188
71 192
72 195
73 197
74 198
75 202
76 205
77 207
78 208
79 211
80 214
81 218
82 221
83 223
84 224
85 228
86 231
87 233
88 234
89 237
90 240
91 244
92 247
93 249
94 250
95 254
96 257
97 259
98 260
99 263
100 266
101 271
102 272
103 277
104 278
105 282
106 286
107 288
108 292
109 294
110 297
111 298
112 302
113 304
114 308
115 310
116 313
117 314
118 318
119 320
120 324
121 326
122 329
123 330
124 334
125 338
