Mat Object: 1 MPI process
  type: seqaij
row 0:
row 1: (3, 1.234) 
row 2:
row 3:
row 4:
row 5:
row 6:
row 7:
row 8:
