Vec Object: 1 MPI process
  type: seq
200.
100.
200.
300.
400.
500.
600.
500.
Vec Object: 1 MPI process
  type: seq
100.
200.
300.
400.
500.
600.
