DM Object: box 1 MPI process
  type: plex
box in 1 dimension:
  Number of 0-cells per rank: 2
  Number of 1-cells per rank: 1
Labels:
  marker: 1 strata with value/size (1 (2))
  Face Sets: 2 strata with value/size (1 (1), 2 (1))
  depth: 2 strata with value/size (0 (2), 1 (1))
  celltype: 2 strata with value/size (1 (1), 0 (2))
Time     Step Part     Energy Mod Energy
0.000000    0    0   396.6081   396.6081
0.000000    0    1  1573.0649  1573.0649
0.000500   50    0   396.5999   396.5918
0.000500   50    1  1573.0327  1573.0005
0.001000  100    0   396.5919   396.5757
0.001000  100    1  1573.0007  1572.9364
p0 error [9e-06 1.2e-07] sol [0.439154 -1.801272] exact [0.439163 -1.801272] energy/exact energy 396.592 / 396.608 (0.0040847409%)
p1 error [1.8e-05 2.4e-07] sol [0.874600 -3.587334] exact [0.874618 -3.587334] energy/exact energy 1573. / 1573.06 (0.0040847409%)
Time     Step Part     Energy Mod Energy
0.000000    0    0   396.6081   396.6081
0.000000    0    1  1573.0649  1573.0649
0.000250   50    0   396.6060   396.6040
0.000250   50    1  1573.0569  1573.0488
0.000500  100    0   396.6040   396.5999
0.000500  100    1  1573.0488  1573.0327
0.000750  150    0   396.6020   396.5959
0.000750  150    1  1573.0408  1573.0167
0.001000  200    0   396.6000   396.5919
0.001000  200    1  1573.0328  1573.0007
p0 error [4.5e-06 3.1e-08] sol [0.439159 -1.801272] exact [0.439163 -1.801272] energy/exact energy 396.6 / 396.608 (0.0020423913%)
p1 error [9e-06 6.1e-08] sol [0.874609 -3.587334] exact [0.874618 -3.587334] energy/exact energy 1573.03 / 1573.06 (0.0020423913%)
Time     Step Part     Energy Mod Energy
0.000000    0    0   396.6081   396.6081
0.000000    0    1  1573.0649  1573.0649
0.000125   50    0   396.6076   396.6070
0.000125   50    1  1573.0629  1573.0609
0.000250  100    0   396.6070   396.6060
0.000250  100    1  1573.0609  1573.0569
0.000375  150    0   396.6065   396.6050
0.000375  150    1  1573.0589  1573.0529
0.000500  200    0   396.6060   396.6040
0.000500  200    1  1573.0569  1573.0488
0.000625  250    0   396.6055   396.6030
0.000625  250    1  1573.0549  1573.0448
0.000750  300    0   396.6050   396.6020
0.000750  300    1  1573.0529  1573.0408
0.000875  350    0   396.6045   396.6010
0.000875  350    1  1573.0509  1573.0368
0.001000  400    0   396.6040   396.6000
0.001000  400    1  1573.0489  1573.0328
p0 error [2.3e-06 7.7e-09] sol [0.439161 -1.801272] exact [0.439163 -1.801272] energy/exact energy 396.604 / 396.608 (0.0010212009%)
p1 error [4.5e-06 1.5e-08] sol [0.874613 -3.587334] exact [0.874618 -3.587334] energy/exact energy 1573.05 / 1573.06 (0.0010212009%)
L_2 convergence rate: 1.0
Time     Step Part     Energy Mod Energy
0.000000    0    0   396.6081   396.6081
0.000000    0    1  1573.0649  1573.0649
0.000500   50    0   396.5999   396.5918
0.000500   50    1  1573.0327  1573.0005
0.001000  100    0   396.5919   396.5757
0.001000  100    1  1573.0007  1572.9364
