DM Object: box 1 MPI process
  type: plex
box in 1 dimension:
  Number of 0-cells per rank: 2
  Number of 1-cells per rank: 1
Labels:
  marker: 1 strata with value/size (1 (2))
  Face Sets: 2 strata with value/size (1 (1), 2 (1))
  depth: 2 strata with value/size (0 (2), 1 (1))
  celltype: 2 strata with value/size (1 (1), 0 (2))
Time     Step Part     Energy Mod Energy
0.000000    0    0   396.6081   396.6081
0.000000    0    1  1573.0649  1573.0649
0.000500   50    0   396.6081   396.5999
0.000500   50    1  1573.0649  1573.0327
0.001000  100    0   396.6081   396.5919
0.001000  100    1  1573.0649  1573.0007
p0 error [2e-13 1.6e-15] sol [0.439163 -1.801272] exact [0.439163 -1.801272] energy/exact energy 396.608 / 396.608 (0.0000000001%)
p1 error [4.1e-13 2.2e-15] sol [0.874618 -3.587334] exact [0.874618 -3.587334] energy/exact energy 1573.06 / 1573.06 (0.0000000001%)
Time     Step Part     Energy Mod Energy
0.000000    0    0   396.6081   396.6081
0.000000    0    1  1573.0649  1573.0649
0.000250   50    0   396.6081   396.6060
0.000250   50    1  1573.0649  1573.0569
0.000500  100    0   396.6081   396.6040
0.000500  100    1  1573.0649  1573.0488
0.000750  150    0   396.6081   396.6020
0.000750  150    1  1573.0649  1573.0408
0.001000  200    0   396.6081   396.6000
0.001000  200    1  1573.0649  1573.0328
p0 error [2.5e-14 7.1e-15] sol [0.439163 -1.801272] exact [0.439163 -1.801272] energy/exact energy 396.608 / 396.608 (0.0000000000%)
p1 error [5.1e-14 6.2e-15] sol [0.874618 -3.587334] exact [0.874618 -3.587334] energy/exact energy 1573.06 / 1573.06 (0.0000000000%)
Time     Step Part     Energy Mod Energy
0.000000    0    0   396.6081   396.6081
0.000000    0    1  1573.0649  1573.0649
0.000125   50    0   396.6081   396.6076
0.000125   50    1  1573.0649  1573.0629
0.000250  100    0   396.6081   396.6070
0.000250  100    1  1573.0649  1573.0609
0.000375  150    0   396.6081   396.6065
0.000375  150    1  1573.0649  1573.0589
0.000500  200    0   396.6081   396.6060
0.000500  200    1  1573.0649  1573.0569
0.000625  250    0   396.6081   396.6055
0.000625  250    1  1573.0649  1573.0549
0.000750  300    0   396.6081   396.6050
0.000750  300    1  1573.0649  1573.0529
0.000875  350    0   396.6081   396.6045
0.000875  350    1  1573.0649  1573.0509
0.001000  400    0   396.6081   396.6040
0.001000  400    1  1573.0649  1573.0489
p0 error [3.3e-15 1.8e-15] sol [0.439163 -1.801272] exact [0.439163 -1.801272] energy/exact energy 396.608 / 396.608 (0.0000000000%)
p1 error [5.9e-15 8.9e-16] sol [0.874618 -3.587334] exact [0.874618 -3.587334] energy/exact energy 1573.06 / 1573.06 (0.0000000000%)
L_2 convergence rate: 3.0
Time     Step Part     Energy Mod Energy
0.000000    0    0   396.6081   396.6081
0.000000    0    1  1573.0649  1573.0649
0.000500   50    0   396.6081   396.5999
0.000500   50    1  1573.0649  1573.0327
0.001000  100    0   396.6081   396.5919
0.001000  100    1  1573.0649  1573.0007
