DM Object: box 1 MPI process
  type: plex
box in 3 dimensions:
  Number of 0-cells per rank: 8
  Number of 1-cells per rank: 12
  Number of 2-cells per rank: 6
  Number of 3-cells per rank: 1
Labels:
  marker: 1 strata with value/size (1 (18))
  Face Sets: 6 strata with value/size (6 (1), 5 (1), 3 (1), 4 (1), 1 (1), 2 (1))
  depth: 4 strata with value/size (0 (8), 1 (12), 2 (6), 3 (1))
  celltype: 4 strata with value/size (7 (1), 0 (8), 4 (6), 1 (12))
Time     Step Part     Energy Mod Energy
0.000000    0    0  3936.3929  3936.3929
0.000000    0    1  2613.4802  2613.4802
0.005000   50    0  3936.3929  3928.8703
0.005000   50    1  2613.4802  2608.4858
0.010000  100    0  3936.3929  3924.3253
0.010000  100    1  2613.4802  2605.4682
p0 error [5.9e-11 1.7e-09] sol [1.112015 -52.988387] exact [1.112015 -52.988387] energy/exact energy 3936.39 / 3936.39 (0.0000000046%)
p1 error [4.8e-11 1.4e-09] sol [0.906089 -43.175869] exact [0.906089 -43.175869] energy/exact energy 2613.48 / 2613.48 (0.0000000046%)
Time     Step Part     Energy Mod Energy
0.000000    0    0  3936.3929  3936.3929
0.000000    0    1  2613.4802  2613.4802
0.002500   50    0  3936.3929  3934.4116
0.002500   50    1  2613.4802  2612.1648
0.005000  100    0  3936.3929  3932.6316
0.005000  100    1  2613.4802  2610.9830
0.007500  150    0  3936.3929  3931.2334
0.007500  150    1  2613.4802  2610.0547
0.010000  200    0  3936.3929  3930.3591
0.010000  200    1  2613.4802  2609.4742
p0 error [3.7e-12 1e-10] sol [1.112015 -52.988387] exact [1.112015 -52.988387] energy/exact energy 3936.39 / 3936.39 (0.0000000003%)
p1 error [3e-12 8.5e-11] sol [0.906089 -43.175869] exact [0.906089 -43.175869] energy/exact energy 2613.48 / 2613.48 (0.0000000003%)
Time     Step Part     Energy Mod Energy
0.000000    0    0  3936.3929  3936.3929
0.000000    0    1  2613.4802  2613.4802
0.001250   50    0  3936.3929  3935.8912
0.001250   50    1  2613.4802  2613.1471
0.002500  100    0  3936.3929  3935.4023
0.002500  100    1  2613.4802  2612.8225
0.003750  150    0  3936.3929  3934.9387
0.003750  150    1  2613.4802  2612.5147
0.005000  200    0  3936.3929  3934.5122
0.005000  200    1  2613.4802  2612.2316
0.006250  250    0  3936.3929  3934.1338
0.006250  250    1  2613.4802  2611.9804
0.007500  300    0  3936.3929  3933.8131
0.007500  300    1  2613.4802  2611.7674
0.008750  350    0  3936.3929  3933.5583
0.008750  350    1  2613.4802  2611.5983
0.010000  400    0  3936.3929  3933.3760
0.010000  400    1  2613.4802  2611.4772
p0 error [2.4e-13 7.3e-12] sol [1.112015 -52.988387] exact [1.112015 -52.988387] energy/exact energy 3936.39 / 3936.39 (0.0000000000%)
p1 error [2e-13 5.9e-12] sol [0.906089 -43.175869] exact [0.906089 -43.175869] energy/exact energy 2613.48 / 2613.48 (0.0000000000%)
L_2 convergence rate: 3.9
Time     Step Part     Energy Mod Energy
0.000000    0    0  3936.3929  3936.3929
0.000000    0    1  2613.4802  2613.4802
0.005000   50    0  3936.3929  3928.8703
0.005000   50    1  2613.4802  2608.4858
0.010000  100    0  3936.3929  3924.3253
0.010000  100    1  2613.4802  2605.4682
