DM Object: box 1 MPI process
  type: plex
box in 2 dimensions:
  Number of 0-cells per rank: 121
  Number of 1-cells per rank: 220
  Number of 2-cells per rank: 100
Labels:
  marker: 1 strata with value/size (1 (80))
  Face Sets: 4 strata with value/size (4 (10), 2 (10), 1 (10), 3 (10))
  depth: 3 strata with value/size (0 (121), 1 (220), 2 (100))
  celltype: 3 strata with value/size (4 (100), 0 (121), 1 (220))
Time     Step Part     Energy
0.000000    0    0   500.0000
0.000000    0    1   500.0000
0.000000    0    2   500.0000
0.000000    0    3   500.0000
0.000000    0    4   500.0000
0.000000    0    5   250.0000
0.000000    0    6   250.0000
0.000000    0    7   250.0000
0.000000    0    8   250.0000
0.000000    0    9   250.0000
0.000500   50    0   500.0000
0.000500   50    1   500.0000
0.000500   50    2   500.0000
0.000500   50    3   500.0000
0.000500   50    4   500.0000
0.000500   50    5   250.0000
0.000500   50    6   250.0000
0.000500   50    7   250.0000
0.000500   50    8   250.0000
0.000500   50    9   250.0000
0.001000  100    0   500.0000
0.001000  100    1   500.0000
0.001000  100    2   500.0000
0.001000  100    3   500.0000
0.001000  100    4   500.0000
0.001000  100    5   250.0000
0.001000  100    6   250.0000
0.001000  100    7   250.0000
0.001000  100    8   250.0000
0.001000  100    9   250.0000
t 0.001: p0 error [2.6e-10 8.3e-09] sol [(0.999500 0.031618) (-0.999833 31.606967)] exact [(0.999500 0.031618) (-0.999833 31.606967)] energy/exact energy 500. / 500. (0.0000000000%)
t 0.001: p1 error [2.6e-10 8.3e-09] sol [(0.278792 0.960351) (-30.368977 8.816192)] exact [(0.278792 0.960351) (-30.368977 8.816192)] energy/exact energy 500. / 500. (0.0000000000%)
t 0.001: p2 error [2.6e-10 8.3e-09] sol [(-0.827197 0.561912) (-17.769227 -26.158260)] exact [(-0.827197 0.561912) (-17.769227 -26.158260)] energy/exact energy 500. / 500. (0.0000000000%)
t 0.001: p3 error [2.6e-10 8.3e-09] sol [(-0.790028 -0.613070) (19.386991 -24.982886)] exact [(-0.790028 -0.613070) (19.386991 -24.982886)] energy/exact energy 500. / 500. (0.0000000000%)
t 0.001: p4 error [2.6e-10 8.3e-09] sol [(0.338933 -0.940811) (29.751046 10.717988)] exact [(0.338933 -0.940811) (29.751046 10.717988)] energy/exact energy 500. / 500. (0.0000000000%)
t 0.001: p5 error [2.3e-11 2.6e-10] sol [(1.999875 0.022360) (-0.249995 22.359282)] exact [(1.999875 0.022360) (-0.249995 22.359282)] energy/exact energy 250. / 250. (0.0000000000%)
t 0.001: p6 error [2.3e-11 2.6e-10] sol [(0.596730 1.908904) (-21.342194 6.671639)] exact [(0.596730 1.908904) (-21.342194 6.671639)] energy/exact energy 250. / 250. (0.0000000000%)
t 0.001: p7 error [2.3e-11 2.6e-10] sol [(-1.631076 1.157407) (-12.940206 -18.235983)] exact [(-1.631076 1.157407) (-12.940206 -18.235983)] energy/exact energy 250. / 250. (0.0000000000%)
t 0.001: p8 error [2.3e-11 2.6e-10] sol [(-1.604790 -1.193587) (13.344706 -17.942096)] exact [(-1.604790 -1.193587) (13.344706 -17.942096)] energy/exact energy 250. / 250. (0.0000000000%)
t 0.001: p9 error [2.3e-11 2.6e-10] sol [(0.639261 -1.895084) (21.187688 7.147157)] exact [(0.639261 -1.895084) (21.187688 7.147157)] energy/exact energy 250. / 250. (0.0000000000%)
Time     Step Part     Energy
0.000000    0    0   500.0000
0.000000    0    1   500.0000
0.000000    0    2   500.0000
0.000000    0    3   500.0000
0.000000    0    4   500.0000
0.000000    0    5   250.0000
0.000000    0    6   250.0000
0.000000    0    7   250.0000
0.000000    0    8   250.0000
0.000000    0    9   250.0000
0.000250   50    0   500.0000
0.000250   50    1   500.0000
0.000250   50    2   500.0000
0.000250   50    3   500.0000
0.000250   50    4   500.0000
0.000250   50    5   250.0000
0.000250   50    6   250.0000
0.000250   50    7   250.0000
0.000250   50    8   250.0000
0.000250   50    9   250.0000
0.000500  100    0   500.0000
0.000500  100    1   500.0000
0.000500  100    2   500.0000
0.000500  100    3   500.0000
0.000500  100    4   500.0000
0.000500  100    5   250.0000
0.000500  100    6   250.0000
0.000500  100    7   250.0000
0.000500  100    8   250.0000
0.000500  100    9   250.0000
0.000750  150    0   500.0000
0.000750  150    1   500.0000
0.000750  150    2   500.0000
0.000750  150    3   500.0000
0.000750  150    4   500.0000
0.000750  150    5   250.0000
0.000750  150    6   250.0000
0.000750  150    7   250.0000
0.000750  150    8   250.0000
0.000750  150    9   250.0000
0.001000  200    0   500.0000
0.001000  200    1   500.0000
0.001000  200    2   500.0000
0.001000  200    3   500.0000
0.001000  200    4   500.0000
0.001000  200    5   250.0000
0.001000  200    6   250.0000
0.001000  200    7   250.0000
0.001000  200    8   250.0000
0.001000  200    9   250.0000
t 0.001: p0 error [6.6e-11 2.1e-09] sol [(0.999500 0.031618) (-0.999833 31.606967)] exact [(0.999500 0.031618) (-0.999833 31.606967)] energy/exact energy 500. / 500. (0.0000000000%)
t 0.001: p1 error [6.6e-11 2.1e-09] sol [(0.278792 0.960351) (-30.368977 8.816192)] exact [(0.278792 0.960351) (-30.368977 8.816192)] energy/exact energy 500. / 500. (0.0000000000%)
t 0.001: p2 error [6.6e-11 2.1e-09] sol [(-0.827197 0.561912) (-17.769227 -26.158260)] exact [(-0.827197 0.561912) (-17.769227 -26.158260)] energy/exact energy 500. / 500. (0.0000000000%)
t 0.001: p3 error [6.6e-11 2.1e-09] sol [(-0.790028 -0.613070) (19.386991 -24.982886)] exact [(-0.790028 -0.613070) (19.386991 -24.982886)] energy/exact energy 500. / 500. (0.0000000000%)
t 0.001: p4 error [6.6e-11 2.1e-09] sol [(0.338933 -0.940811) (29.751046 10.717988)] exact [(0.338933 -0.940811) (29.751046 10.717988)] energy/exact energy 500. / 500. (0.0000000000%)
t 0.001: p5 error [5.8e-12 6.5e-11] sol [(1.999875 0.022360) (-0.249995 22.359282)] exact [(1.999875 0.022360) (-0.249995 22.359282)] energy/exact energy 250. / 250. (0.0000000000%)
t 0.001: p6 error [5.8e-12 6.5e-11] sol [(0.596730 1.908904) (-21.342194 6.671639)] exact [(0.596730 1.908904) (-21.342194 6.671639)] energy/exact energy 250. / 250. (0.0000000000%)
t 0.001: p7 error [5.8e-12 6.5e-11] sol [(-1.631076 1.157407) (-12.940206 -18.235983)] exact [(-1.631076 1.157407) (-12.940206 -18.235983)] energy/exact energy 250. / 250. (0.0000000000%)
t 0.001: p8 error [5.8e-12 6.5e-11] sol [(-1.604790 -1.193587) (13.344706 -17.942096)] exact [(-1.604790 -1.193587) (13.344706 -17.942096)] energy/exact energy 250. / 250. (0.0000000000%)
t 0.001: p9 error [5.8e-12 6.5e-11] sol [(0.639261 -1.895084) (21.187688 7.147157)] exact [(0.639261 -1.895084) (21.187688 7.147157)] energy/exact energy 250. / 250. (0.0000000000%)
Time     Step Part     Energy
0.000000    0    0   500.0000
0.000000    0    1   500.0000
0.000000    0    2   500.0000
0.000000    0    3   500.0000
0.000000    0    4   500.0000
0.000000    0    5   250.0000
0.000000    0    6   250.0000
0.000000    0    7   250.0000
0.000000    0    8   250.0000
0.000000    0    9   250.0000
0.000125   50    0   500.0000
0.000125   50    1   500.0000
0.000125   50    2   500.0000
0.000125   50    3   500.0000
0.000125   50    4   500.0000
0.000125   50    5   250.0000
0.000125   50    6   250.0000
0.000125   50    7   250.0000
0.000125   50    8   250.0000
0.000125   50    9   250.0000
0.000250  100    0   500.0000
0.000250  100    1   500.0000
0.000250  100    2   500.0000
0.000250  100    3   500.0000
0.000250  100    4   500.0000
0.000250  100    5   250.0000
0.000250  100    6   250.0000
0.000250  100    7   250.0000
0.000250  100    8   250.0000
0.000250  100    9   250.0000
0.000375  150    0   500.0000
0.000375  150    1   500.0000
0.000375  150    2   500.0000
0.000375  150    3   500.0000
0.000375  150    4   500.0000
0.000375  150    5   250.0000
0.000375  150    6   250.0000
0.000375  150    7   250.0000
0.000375  150    8   250.0000
0.000375  150    9   250.0000
0.000500  200    0   500.0000
0.000500  200    1   500.0000
0.000500  200    2   500.0000
0.000500  200    3   500.0000
0.000500  200    4   500.0000
0.000500  200    5   250.0000
0.000500  200    6   250.0000
0.000500  200    7   250.0000
0.000500  200    8   250.0000
0.000500  200    9   250.0000
0.000625  250    0   500.0000
0.000625  250    1   500.0000
0.000625  250    2   500.0000
0.000625  250    3   500.0000
0.000625  250    4   500.0000
0.000625  250    5   250.0000
0.000625  250    6   250.0000
0.000625  250    7   250.0000
0.000625  250    8   250.0000
0.000625  250    9   250.0000
0.000750  300    0   500.0000
0.000750  300    1   500.0000
0.000750  300    2   500.0000
0.000750  300    3   500.0000
0.000750  300    4   500.0000
0.000750  300    5   250.0000
0.000750  300    6   250.0000
0.000750  300    7   250.0000
0.000750  300    8   250.0000
0.000750  300    9   250.0000
0.000875  350    0   500.0000
0.000875  350    1   500.0000
0.000875  350    2   500.0000
0.000875  350    3   500.0000
0.000875  350    4   500.0000
0.000875  350    5   250.0000
0.000875  350    6   250.0000
0.000875  350    7   250.0000
0.000875  350    8   250.0000
0.000875  350    9   250.0000
0.001000  400    0   500.0000
0.001000  400    1   500.0000
0.001000  400    2   500.0000
0.001000  400    3   500.0000
0.001000  400    4   500.0000
0.001000  400    5   250.0000
0.001000  400    6   250.0000
0.001000  400    7   250.0000
0.001000  400    8   250.0000
0.001000  400    9   250.0000
t 0.001: p0 error [1.6e-11 5.2e-10] sol [(0.999500 0.031618) (-0.999833 31.606967)] exact [(0.999500 0.031618) (-0.999833 31.606967)] energy/exact energy 500. / 500. (0.0000000000%)
t 0.001: p1 error [1.6e-11 5.2e-10] sol [(0.278792 0.960351) (-30.368977 8.816192)] exact [(0.278792 0.960351) (-30.368977 8.816192)] energy/exact energy 500. / 500. (0.0000000000%)
t 0.001: p2 error [1.6e-11 5.2e-10] sol [(-0.827197 0.561912) (-17.769227 -26.158260)] exact [(-0.827197 0.561912) (-17.769227 -26.158260)] energy/exact energy 500. / 500. (0.0000000000%)
t 0.001: p3 error [1.6e-11 5.2e-10] sol [(-0.790028 -0.613070) (19.386991 -24.982886)] exact [(-0.790028 -0.613070) (19.386991 -24.982886)] energy/exact energy 500. / 500. (0.0000000000%)
t 0.001: p4 error [1.6e-11 5.2e-10] sol [(0.338933 -0.940811) (29.751046 10.717988)] exact [(0.338933 -0.940811) (29.751046 10.717988)] energy/exact energy 500. / 500. (0.0000000000%)
t 0.001: p5 error [1.5e-12 1.6e-11] sol [(1.999875 0.022360) (-0.249995 22.359282)] exact [(1.999875 0.022360) (-0.249995 22.359282)] energy/exact energy 250. / 250. (0.0000000000%)
t 0.001: p6 error [1.5e-12 1.6e-11] sol [(0.596730 1.908904) (-21.342194 6.671639)] exact [(0.596730 1.908904) (-21.342194 6.671639)] energy/exact energy 250. / 250. (0.0000000000%)
t 0.001: p7 error [1.5e-12 1.6e-11] sol [(-1.631076 1.157407) (-12.940206 -18.235983)] exact [(-1.631076 1.157407) (-12.940206 -18.235983)] energy/exact energy 250. / 250. (0.0000000000%)
t 0.001: p8 error [1.5e-12 1.6e-11] sol [(-1.604790 -1.193587) (13.344706 -17.942096)] exact [(-1.604790 -1.193587) (13.344706 -17.942096)] energy/exact energy 250. / 250. (0.0000000000%)
t 0.001: p9 error [1.5e-12 1.6e-11] sol [(0.639261 -1.895084) (21.187688 7.147157)] exact [(0.639261 -1.895084) (21.187688 7.147157)] energy/exact energy 250. / 250. (0.0000000000%)
L_2 convergence rate: 2.0
Time     Step Part     Energy
0.000000    0    0   500.0000
0.000000    0    1   500.0000
0.000000    0    2   500.0000
0.000000    0    3   500.0000
0.000000    0    4   500.0000
0.000000    0    5   250.0000
0.000000    0    6   250.0000
0.000000    0    7   250.0000
0.000000    0    8   250.0000
0.000000    0    9   250.0000
0.000500   50    0   500.0000
0.000500   50    1   500.0000
0.000500   50    2   500.0000
0.000500   50    3   500.0000
0.000500   50    4   500.0000
0.000500   50    5   250.0000
0.000500   50    6   250.0000
0.000500   50    7   250.0000
0.000500   50    8   250.0000
0.000500   50    9   250.0000
0.001000  100    0   500.0000
0.001000  100    1   500.0000
0.001000  100    2   500.0000
0.001000  100    3   500.0000
0.001000  100    4   500.0000
0.001000  100    5   250.0000
0.001000  100    6   250.0000
0.001000  100    7   250.0000
0.001000  100    8   250.0000
0.001000  100    9   250.0000
