DM Object: Generated Mesh 1 MPI process
  type: plex
Generated Mesh in 3 dimensions:
  Number of 0-cells per rank: 16
  Number of 1-cells per rank: 28
  Number of 2-cells per rank: 16
  Number of 3-cells per rank: 3
Labels:
  celltype: 4 strata with value/size (0 (16), 7 (3), 4 (16), 1 (28))
  depth: 4 strata with value/size (0 (16), 1 (28), 2 (16), 3 (3))
  Cell Sets: 1 strata with value/size (1 (3))
  Face Sets: 3 strata with value/size (100 (3), 101 (3), 200 (8))
  TopBoundary: 1 strata with value/size (100 (3))
  BottomBoundary: 1 strata with value/size (101 (3))
  Sides: 1 strata with value/size (200 (8))
  boundary: 1 strata with value/size (1 (14))
