DM Object: Generated Mesh 1 MPI process
  type: plex
Generated Mesh in 3 dimensions:
  Number of 0-cells per rank: 438
  Number of 1-cells per rank: 1235
  Number of 2-cells per rank: 943
  Number of 3-cells per rank: 232
Labels:
  depth: 4 strata with value/size (0 (438), 1 (1235), 2 (943), 3 (232))
  celltype: 4 strata with value/size (7 (232), 4 (943), 1 (1235), 0 (438))
