DM Object: box 1 MPI process
  type: plex
box in 2 dimensions:
  Number of 0-cells per rank: 25
  Number of 1-cells per rank: 56
  Number of 2-cells per rank: 32
Labels:
  celltype: 3 strata with value/size (1 (56), 3 (32), 0 (25))
  depth: 3 strata with value/size (0 (25), 1 (56), 2 (32))
  marker: 1 strata with value/size (1 (32))
  Face Sets: 1 strata with value/size (1 (24))
## cells: 'default' {0}
IS Object: Field 0 Offsets 1 MPI process
  type: general
Number of indices in set 128
0 0
1 18
2 22
3 1
4 18
5 2
6 20
7 19
8 22
9 20
10 6
11 23
12 18
13 20
14 22
15 19
16 8
17 24
18 28
19 9
20 24
21 12
22 26
23 25
24 28
25 26
26 6
27 29
28 24
29 26
30 28
31 25
32 6
33 20
34 28
35 7
36 20
37 2
38 30
39 21
40 28
41 30
42 8
43 29
44 20
45 30
46 28
47 21
48 8
49 32
50 36
51 9
52 32
53 4
54 34
55 33
56 36
57 34
58 10
59 37
60 32
61 34
62 36
63 33
64 4
65 32
66 38
67 5
68 32
69 8
70 30
71 33
72 38
73 30
74 2
75 39
76 32
77 30
78 38
79 33
80 14
81 40
82 44
83 15
84 40
85 10
86 42
87 41
88 44
89 42
90 16
91 45
92 40
93 42
94 44
95 41
96 10
97 40
98 36
99 11
100 40
101 14
102 46
103 41
104 36
105 46
106 8
107 37
108 40
109 46
110 36
111 41
112 8
113 46
114 24
115 9
116 46
117 14
118 48
119 47
120 24
121 48
122 12
123 25
124 46
125 48
126 24
127 47
IS Object: Field 1 Offsets 1 MPI process
  type: general
Number of indices in set 128
0 1
1 19
2 23
3 59
4 19
5 3
6 21
7 83
8 23
9 21
10 7
11 84
12 19
13 21
14 23
15 58
16 9
17 25
18 29
19 62
20 25
21 13
22 27
23 89
24 29
25 27
26 7
27 90
28 25
29 27
30 29
31 61
32 7
33 21
34 29
35 65
36 21
37 3
38 31
39 93
40 29
41 31
42 9
43 94
44 21
45 31
46 29
47 64
48 9
49 33
50 37
51 68
52 33
53 5
54 35
55 97
56 37
57 35
58 11
59 98
60 33
61 35
62 37
63 67
64 5
65 33
66 39
67 71
68 33
69 9
70 31
71 94
72 39
73 31
74 3
75 93
76 33
77 31
78 39
79 70
80 15
81 41
82 45
83 74
84 41
85 11
86 43
87 105
88 45
89 43
90 17
91 106
92 41
93 43
94 45
95 73
96 11
97 41
98 37
99 77
100 41
101 15
102 47
103 109
104 37
105 47
106 9
107 110
108 41
109 47
110 37
111 76
112 9
113 47
114 25
115 80
116 47
117 15
118 49
119 111
120 25
121 49
122 13
123 112
124 47
125 49
126 25
127 79
Coordinates by element
[0] 0 <--  0 ( 0.00,  0.00)
[0] 1 <-- 18 ( 0.25,  0.00)
[0] 2 <-- 22 ( 0.00,  0.25)
[1] 0 <-- 18 ( 0.25,  0.00)
[1] 1 <--  2 ( 0.50,  0.00)
[1] 2 <-- 20 ( 0.25,  0.25)
[2] 0 <-- 22 ( 0.00,  0.25)
[2] 1 <-- 20 ( 0.25,  0.25)
[2] 2 <--  6 ( 0.00,  0.50)
[3] 0 <-- 18 ( 0.25,  0.00)
[3] 1 <-- 20 ( 0.25,  0.25)
[3] 2 <-- 22 ( 0.00,  0.25)
[4] 0 <--  8 ( 0.50,  0.50)
[4] 1 <-- 24 ( 0.25,  0.75)
[4] 2 <-- 28 ( 0.25,  0.50)
[5] 0 <-- 24 ( 0.25,  0.75)
[5] 1 <-- 12 ( 0.00,  1.00)
[5] 2 <-- 26 ( 0.00,  0.75)
[6] 0 <-- 28 ( 0.25,  0.50)
[6] 1 <-- 26 ( 0.00,  0.75)
[6] 2 <--  6 ( 0.00,  0.50)
[7] 0 <-- 24 ( 0.25,  0.75)
[7] 1 <-- 26 ( 0.00,  0.75)
[7] 2 <-- 28 ( 0.25,  0.50)
[8] 0 <--  6 ( 0.00,  0.50)
[8] 1 <-- 20 ( 0.25,  0.25)
[8] 2 <-- 28 ( 0.25,  0.50)
[9] 0 <-- 20 ( 0.25,  0.25)
[9] 1 <--  2 ( 0.50,  0.00)
[9] 2 <-- 30 ( 0.50,  0.25)
[10] 0 <-- 28 ( 0.25,  0.50)
[10] 1 <-- 30 ( 0.50,  0.25)
[10] 2 <--  8 ( 0.50,  0.50)
[11] 0 <-- 20 ( 0.25,  0.25)
[11] 1 <-- 30 ( 0.50,  0.25)
[11] 2 <-- 28 ( 0.25,  0.50)
[12] 0 <--  8 ( 0.50,  0.50)
[12] 1 <-- 32 ( 0.75,  0.25)
[12] 2 <-- 36 ( 0.75,  0.50)
[13] 0 <-- 32 ( 0.75,  0.25)
[13] 1 <--  4 ( 1.00,  0.00)
[13] 2 <-- 34 ( 1.00,  0.25)
[14] 0 <-- 36 ( 0.75,  0.50)
[14] 1 <-- 34 ( 1.00,  0.25)
[14] 2 <-- 10 ( 1.00,  0.50)
[15] 0 <-- 32 ( 0.75,  0.25)
[15] 1 <-- 34 ( 1.00,  0.25)
[15] 2 <-- 36 ( 0.75,  0.50)
[16] 0 <--  4 ( 1.00,  0.00)
[16] 1 <-- 32 ( 0.75,  0.25)
[16] 2 <-- 38 ( 0.75,  0.00)
[17] 0 <-- 32 ( 0.75,  0.25)
[17] 1 <--  8 ( 0.50,  0.50)
[17] 2 <-- 30 ( 0.50,  0.25)
[18] 0 <-- 38 ( 0.75,  0.00)
[18] 1 <-- 30 ( 0.50,  0.25)
[18] 2 <--  2 ( 0.50,  0.00)
[19] 0 <-- 32 ( 0.75,  0.25)
[19] 1 <-- 30 ( 0.50,  0.25)
[19] 2 <-- 38 ( 0.75,  0.00)
[20] 0 <-- 14 ( 0.50,  1.00)
[20] 1 <-- 40 ( 0.75,  0.75)
[20] 2 <-- 44 ( 0.75,  1.00)
[21] 0 <-- 40 ( 0.75,  0.75)
[21] 1 <-- 10 ( 1.00,  0.50)
[21] 2 <-- 42 ( 1.00,  0.75)
[22] 0 <-- 44 ( 0.75,  1.00)
[22] 1 <-- 42 ( 1.00,  0.75)
[22] 2 <-- 16 ( 1.00,  1.00)
[23] 0 <-- 40 ( 0.75,  0.75)
[23] 1 <-- 42 ( 1.00,  0.75)
[23] 2 <-- 44 ( 0.75,  1.00)
[24] 0 <-- 10 ( 1.00,  0.50)
[24] 1 <-- 40 ( 0.75,  0.75)
[24] 2 <-- 36 ( 0.75,  0.50)
[25] 0 <-- 40 ( 0.75,  0.75)
[25] 1 <-- 14 ( 0.50,  1.00)
[25] 2 <-- 46 ( 0.50,  0.75)
[26] 0 <-- 36 ( 0.75,  0.50)
[26] 1 <-- 46 ( 0.50,  0.75)
[26] 2 <--  8 ( 0.50,  0.50)
[27] 0 <-- 40 ( 0.75,  0.75)
[27] 1 <-- 46 ( 0.50,  0.75)
[27] 2 <-- 36 ( 0.75,  0.50)
[28] 0 <--  8 ( 0.50,  0.50)
[28] 1 <-- 46 ( 0.50,  0.75)
[28] 2 <-- 24 ( 0.25,  0.75)
[29] 0 <-- 46 ( 0.50,  0.75)
[29] 1 <-- 14 ( 0.50,  1.00)
[29] 2 <-- 48 ( 0.25,  1.00)
[30] 0 <-- 24 ( 0.25,  0.75)
[30] 1 <-- 48 ( 0.25,  1.00)
[30] 2 <-- 12 ( 0.00,  1.00)
[31] 0 <-- 46 ( 0.50,  0.75)
[31] 1 <-- 48 ( 0.25,  1.00)
[31] 2 <-- 24 ( 0.25,  0.75)
## faces: 'Face Sets' {1}
IS Object: Field 0 Offsets 1 MPI process
  type: general
Number of indices in set 32
0 0
1 18
2 18
3 2
4 6
5 22
6 22
7 0
8 12
9 26
10 26
11 6
12 4
13 34
14 34
15 10
16 2
17 38
18 38
19 4
20 10
21 42
22 42
23 16
24 16
25 44
26 44
27 14
28 14
29 48
30 48
31 12
IS Object: Field 1 Offsets 1 MPI process
  type: general
Number of indices in set 32
0 1
1 19
2 19
3 3
4 7
5 23
6 23
7 1
8 13
9 27
10 27
11 7
12 5
13 35
14 35
15 11
16 3
17 39
18 39
19 5
20 11
21 43
22 43
23 17
24 17
25 45
26 45
27 15
28 15
29 49
30 49
31 13
Coordinates by element
[0] 0 <--  0 ( 0.00,  0.00)
[0] 1 <-- 18 ( 0.25,  0.00)
[1] 0 <-- 18 ( 0.25,  0.00)
[1] 1 <--  2 ( 0.50,  0.00)
[2] 0 <--  6 ( 0.00,  0.50)
[2] 1 <-- 22 ( 0.00,  0.25)
[3] 0 <-- 22 ( 0.00,  0.25)
[3] 1 <--  0 ( 0.00,  0.00)
[4] 0 <-- 12 ( 0.00,  1.00)
[4] 1 <-- 26 ( 0.00,  0.75)
[5] 0 <-- 26 ( 0.00,  0.75)
[5] 1 <--  6 ( 0.00,  0.50)
[6] 0 <--  4 ( 1.00,  0.00)
[6] 1 <-- 34 ( 1.00,  0.25)
[7] 0 <-- 34 ( 1.00,  0.25)
[7] 1 <-- 10 ( 1.00,  0.50)
[8] 0 <--  2 ( 0.50,  0.00)
[8] 1 <-- 38 ( 0.75,  0.00)
[9] 0 <-- 38 ( 0.75,  0.00)
[9] 1 <--  4 ( 1.00,  0.00)
[10] 0 <-- 10 ( 1.00,  0.50)
[10] 1 <-- 42 ( 1.00,  0.75)
[11] 0 <-- 42 ( 1.00,  0.75)
[11] 1 <-- 16 ( 1.00,  1.00)
[12] 0 <-- 16 ( 1.00,  1.00)
[12] 1 <-- 44 ( 0.75,  1.00)
[13] 0 <-- 44 ( 0.75,  1.00)
[13] 1 <-- 14 ( 0.50,  1.00)
[14] 0 <-- 14 ( 0.50,  1.00)
[14] 1 <-- 48 ( 0.25,  1.00)
[15] 0 <-- 48 ( 0.25,  1.00)
[15] 1 <-- 12 ( 0.00,  1.00)
