Vec Object: 1 MPI process
  type: seq
0.734313
2.26569
Conservation error -4.07212e-10
